// Jest Snapshot v1, https://goo.gl/fbAQLP

exports[`renders correctly 1`] = `"<div class=\\"select\\"><label>label</label><select name=\\"name\\"><option value=\\"\\" disabled selected>Select an option</option><option value=\\"foo\\">foo</option><option value=\\"bar\\">bar</option></select></div>"`;
